// Jest Snapshot v1, https://goo.gl/fbAQLP

exports[`renders and matches snapshot 1`] = `null`;
